Archive member included to satisfy reference by file (symbol)

c:/program files (x86)/atmel/studio/7.0/toolchain/avr8/avr8-gnu-toolchain/bin/../lib/gcc/avr/5.4.0/avr5\libgcc.a(_udivmodsi4.o)
                              LCD_Program.o (__udivmodsi4)
c:/program files (x86)/atmel/studio/7.0/toolchain/avr8/avr8-gnu-toolchain/bin/../lib/gcc/avr/5.4.0/avr5\libgcc.a(_exit.o)
                              C:/Program Files (x86)/Atmel/Studio/7.0/Packs/atmel/ATmega_DFP/1.7.374/gcc/dev/atmega32/avr5/crtatmega32.o (exit)
c:/program files (x86)/atmel/studio/7.0/toolchain/avr8/avr8-gnu-toolchain/bin/../lib/gcc/avr/5.4.0/avr5\libgcc.a(_copy_data.o)
                              KeyPad_Program.o (__do_copy_data)
c:/program files (x86)/atmel/studio/7.0/toolchain/avr8/avr8-gnu-toolchain/bin/../lib/gcc/avr/5.4.0/avr5\libgcc.a(_clear_bss.o)
                              main.o (__do_clear_bss)

Allocating common symbols
Common symbol       size              file

first_digit         0x1               main.o
second_digit        0x1               main.o
value               0x1               main.o

Discarded input sections

 .data          0x00000000        0x0 C:/Program Files (x86)/Atmel/Studio/7.0/Packs/atmel/ATmega_DFP/1.7.374/gcc/dev/atmega32/avr5/crtatmega32.o
 .bss           0x00000000        0x0 C:/Program Files (x86)/Atmel/Studio/7.0/Packs/atmel/ATmega_DFP/1.7.374/gcc/dev/atmega32/avr5/crtatmega32.o
 .text          0x00000000        0x0 DIO_Program.o
 .data          0x00000000        0x0 DIO_Program.o
 .bss           0x00000000        0x0 DIO_Program.o
 .text.DIO_voidSetPortDirection
                0x00000000       0x56 DIO_Program.o
 .text.DIO_u8GetPortValue
                0x00000000       0x26 DIO_Program.o
 .text.DIO_voidTogglePinValue
                0x00000000       0x70 DIO_Program.o
 .text.DIO_voidTogglePortValue
                0x00000000       0x34 DIO_Program.o
 .text.DIO_voidConfig_Pull_Up_Port
                0x00000000       0x1a DIO_Program.o
 .text.DIO_voidConfig_Pull_Up_NIBBLE
                0x00000000       0x1a DIO_Program.o
 .text          0x00000000        0x0 KeyPad_Program.o
 .data          0x00000000        0x0 KeyPad_Program.o
 .bss           0x00000000        0x0 KeyPad_Program.o
 .text          0x00000000        0x0 LCD_Program.o
 .data          0x00000000        0x0 LCD_Program.o
 .bss           0x00000000        0x0 LCD_Program.o
 .text.LCD_voidWriteNumber
                0x00000000       0x90 LCD_Program.o
 .text.LCD_voidDrawPattern
                0x00000000       0x40 LCD_Program.o
 .text.LCD_voidShowPattern
                0x00000000       0x16 LCD_Program.o
 .text.LCD_voidShiftLeft
                0x00000000        0x8 LCD_Program.o
 .text.LCD_voidShiftRight
                0x00000000        0x8 LCD_Program.o
 .text.LCD_voidClearGrid
                0x00000000        0xc LCD_Program.o
 .text.LCD_voidClearLine
                0x00000000       0x24 LCD_Program.o
 .text.LCD_voidRETURN_HOME
                0x00000000       0x14 LCD_Program.o
 .text          0x00000000        0x0 main.o
 .data          0x00000000        0x0 main.o
 .bss           0x00000000        0x0 main.o
 .text          0x00000000        0x0 SevenSegment_Program.o
 .data          0x00000000        0x0 SevenSegment_Program.o
 .bss           0x00000000        0x0 SevenSegment_Program.o
 .text.SEGMENT_COMANOD_voidPrintNumber
                0x00000000       0x56 SevenSegment_Program.o
 .text.SEGMENT_voidInitSegmentBCD
                0x00000000        0x8 SevenSegment_Program.o
 .text.SEGMENT_voidPrintNumberBCD
                0x00000000       0x12 SevenSegment_Program.o
 .text          0x00000000        0x0 Timer2_Program.o
 .data          0x00000000        0x0 Timer2_Program.o
 .bss           0x00000000        0x0 Timer2_Program.o
 .text          0x00000000        0x0 c:/program files (x86)/atmel/studio/7.0/toolchain/avr8/avr8-gnu-toolchain/bin/../lib/gcc/avr/5.4.0/avr5\libgcc.a(_udivmodsi4.o)
 .data          0x00000000        0x0 c:/program files (x86)/atmel/studio/7.0/toolchain/avr8/avr8-gnu-toolchain/bin/../lib/gcc/avr/5.4.0/avr5\libgcc.a(_udivmodsi4.o)
 .bss           0x00000000        0x0 c:/program files (x86)/atmel/studio/7.0/toolchain/avr8/avr8-gnu-toolchain/bin/../lib/gcc/avr/5.4.0/avr5\libgcc.a(_udivmodsi4.o)
 .text.libgcc.mul
                0x00000000        0x0 c:/program files (x86)/atmel/studio/7.0/toolchain/avr8/avr8-gnu-toolchain/bin/../lib/gcc/avr/5.4.0/avr5\libgcc.a(_udivmodsi4.o)
 .text.libgcc.div
                0x00000000       0x44 c:/program files (x86)/atmel/studio/7.0/toolchain/avr8/avr8-gnu-toolchain/bin/../lib/gcc/avr/5.4.0/avr5\libgcc.a(_udivmodsi4.o)
 .text.libgcc   0x00000000        0x0 c:/program files (x86)/atmel/studio/7.0/toolchain/avr8/avr8-gnu-toolchain/bin/../lib/gcc/avr/5.4.0/avr5\libgcc.a(_udivmodsi4.o)
 .text.libgcc.prologue
                0x00000000        0x0 c:/program files (x86)/atmel/studio/7.0/toolchain/avr8/avr8-gnu-toolchain/bin/../lib/gcc/avr/5.4.0/avr5\libgcc.a(_udivmodsi4.o)
 .text.libgcc.builtins
                0x00000000        0x0 c:/program files (x86)/atmel/studio/7.0/toolchain/avr8/avr8-gnu-toolchain/bin/../lib/gcc/avr/5.4.0/avr5\libgcc.a(_udivmodsi4.o)
 .text.libgcc.fmul
                0x00000000        0x0 c:/program files (x86)/atmel/studio/7.0/toolchain/avr8/avr8-gnu-toolchain/bin/../lib/gcc/avr/5.4.0/avr5\libgcc.a(_udivmodsi4.o)
 .text.libgcc.fixed
                0x00000000        0x0 c:/program files (x86)/atmel/studio/7.0/toolchain/avr8/avr8-gnu-toolchain/bin/../lib/gcc/avr/5.4.0/avr5\libgcc.a(_udivmodsi4.o)
 .text          0x00000000        0x0 c:/program files (x86)/atmel/studio/7.0/toolchain/avr8/avr8-gnu-toolchain/bin/../lib/gcc/avr/5.4.0/avr5\libgcc.a(_exit.o)
 .data          0x00000000        0x0 c:/program files (x86)/atmel/studio/7.0/toolchain/avr8/avr8-gnu-toolchain/bin/../lib/gcc/avr/5.4.0/avr5\libgcc.a(_exit.o)
 .bss           0x00000000        0x0 c:/program files (x86)/atmel/studio/7.0/toolchain/avr8/avr8-gnu-toolchain/bin/../lib/gcc/avr/5.4.0/avr5\libgcc.a(_exit.o)
 .text.libgcc.mul
                0x00000000        0x0 c:/program files (x86)/atmel/studio/7.0/toolchain/avr8/avr8-gnu-toolchain/bin/../lib/gcc/avr/5.4.0/avr5\libgcc.a(_exit.o)
 .text.libgcc.div
                0x00000000        0x0 c:/program files (x86)/atmel/studio/7.0/toolchain/avr8/avr8-gnu-toolchain/bin/../lib/gcc/avr/5.4.0/avr5\libgcc.a(_exit.o)
 .text.libgcc   0x00000000        0x0 c:/program files (x86)/atmel/studio/7.0/toolchain/avr8/avr8-gnu-toolchain/bin/../lib/gcc/avr/5.4.0/avr5\libgcc.a(_exit.o)
 .text.libgcc.prologue
                0x00000000        0x0 c:/program files (x86)/atmel/studio/7.0/toolchain/avr8/avr8-gnu-toolchain/bin/../lib/gcc/avr/5.4.0/avr5\libgcc.a(_exit.o)
 .text.libgcc.builtins
                0x00000000        0x0 c:/program files (x86)/atmel/studio/7.0/toolchain/avr8/avr8-gnu-toolchain/bin/../lib/gcc/avr/5.4.0/avr5\libgcc.a(_exit.o)
 .text.libgcc.fmul
                0x00000000        0x0 c:/program files (x86)/atmel/studio/7.0/toolchain/avr8/avr8-gnu-toolchain/bin/../lib/gcc/avr/5.4.0/avr5\libgcc.a(_exit.o)
 .text.libgcc.fixed
                0x00000000        0x0 c:/program files (x86)/atmel/studio/7.0/toolchain/avr8/avr8-gnu-toolchain/bin/../lib/gcc/avr/5.4.0/avr5\libgcc.a(_exit.o)
 .text          0x00000000        0x0 c:/program files (x86)/atmel/studio/7.0/toolchain/avr8/avr8-gnu-toolchain/bin/../lib/gcc/avr/5.4.0/avr5\libgcc.a(_copy_data.o)
 .data          0x00000000        0x0 c:/program files (x86)/atmel/studio/7.0/toolchain/avr8/avr8-gnu-toolchain/bin/../lib/gcc/avr/5.4.0/avr5\libgcc.a(_copy_data.o)
 .bss           0x00000000        0x0 c:/program files (x86)/atmel/studio/7.0/toolchain/avr8/avr8-gnu-toolchain/bin/../lib/gcc/avr/5.4.0/avr5\libgcc.a(_copy_data.o)
 .text.libgcc.mul
                0x00000000        0x0 c:/program files (x86)/atmel/studio/7.0/toolchain/avr8/avr8-gnu-toolchain/bin/../lib/gcc/avr/5.4.0/avr5\libgcc.a(_copy_data.o)
 .text.libgcc.div
                0x00000000        0x0 c:/program files (x86)/atmel/studio/7.0/toolchain/avr8/avr8-gnu-toolchain/bin/../lib/gcc/avr/5.4.0/avr5\libgcc.a(_copy_data.o)
 .text.libgcc   0x00000000        0x0 c:/program files (x86)/atmel/studio/7.0/toolchain/avr8/avr8-gnu-toolchain/bin/../lib/gcc/avr/5.4.0/avr5\libgcc.a(_copy_data.o)
 .text.libgcc.prologue
                0x00000000        0x0 c:/program files (x86)/atmel/studio/7.0/toolchain/avr8/avr8-gnu-toolchain/bin/../lib/gcc/avr/5.4.0/avr5\libgcc.a(_copy_data.o)
 .text.libgcc.builtins
                0x00000000        0x0 c:/program files (x86)/atmel/studio/7.0/toolchain/avr8/avr8-gnu-toolchain/bin/../lib/gcc/avr/5.4.0/avr5\libgcc.a(_copy_data.o)
 .text.libgcc.fmul
                0x00000000        0x0 c:/program files (x86)/atmel/studio/7.0/toolchain/avr8/avr8-gnu-toolchain/bin/../lib/gcc/avr/5.4.0/avr5\libgcc.a(_copy_data.o)
 .text.libgcc.fixed
                0x00000000        0x0 c:/program files (x86)/atmel/studio/7.0/toolchain/avr8/avr8-gnu-toolchain/bin/../lib/gcc/avr/5.4.0/avr5\libgcc.a(_copy_data.o)
 .text          0x00000000        0x0 c:/program files (x86)/atmel/studio/7.0/toolchain/avr8/avr8-gnu-toolchain/bin/../lib/gcc/avr/5.4.0/avr5\libgcc.a(_clear_bss.o)
 .data          0x00000000        0x0 c:/program files (x86)/atmel/studio/7.0/toolchain/avr8/avr8-gnu-toolchain/bin/../lib/gcc/avr/5.4.0/avr5\libgcc.a(_clear_bss.o)
 .bss           0x00000000        0x0 c:/program files (x86)/atmel/studio/7.0/toolchain/avr8/avr8-gnu-toolchain/bin/../lib/gcc/avr/5.4.0/avr5\libgcc.a(_clear_bss.o)
 .text.libgcc.mul
                0x00000000        0x0 c:/program files (x86)/atmel/studio/7.0/toolchain/avr8/avr8-gnu-toolchain/bin/../lib/gcc/avr/5.4.0/avr5\libgcc.a(_clear_bss.o)
 .text.libgcc.div
                0x00000000        0x0 c:/program files (x86)/atmel/studio/7.0/toolchain/avr8/avr8-gnu-toolchain/bin/../lib/gcc/avr/5.4.0/avr5\libgcc.a(_clear_bss.o)
 .text.libgcc   0x00000000        0x0 c:/program files (x86)/atmel/studio/7.0/toolchain/avr8/avr8-gnu-toolchain/bin/../lib/gcc/avr/5.4.0/avr5\libgcc.a(_clear_bss.o)
 .text.libgcc.prologue
                0x00000000        0x0 c:/program files (x86)/atmel/studio/7.0/toolchain/avr8/avr8-gnu-toolchain/bin/../lib/gcc/avr/5.4.0/avr5\libgcc.a(_clear_bss.o)
 .text.libgcc.builtins
                0x00000000        0x0 c:/program files (x86)/atmel/studio/7.0/toolchain/avr8/avr8-gnu-toolchain/bin/../lib/gcc/avr/5.4.0/avr5\libgcc.a(_clear_bss.o)
 .text.libgcc.fmul
                0x00000000        0x0 c:/program files (x86)/atmel/studio/7.0/toolchain/avr8/avr8-gnu-toolchain/bin/../lib/gcc/avr/5.4.0/avr5\libgcc.a(_clear_bss.o)
 .text.libgcc.fixed
                0x00000000        0x0 c:/program files (x86)/atmel/studio/7.0/toolchain/avr8/avr8-gnu-toolchain/bin/../lib/gcc/avr/5.4.0/avr5\libgcc.a(_clear_bss.o)

Memory Configuration

Name             Origin             Length             Attributes
text             0x00000000         0x00008000         xr
data             0x00800060         0x00000800         rw !x
eeprom           0x00810000         0x00000400         rw !x
fuse             0x00820000         0x00000002         rw !x
lock             0x00830000         0x00000400         rw !x
signature        0x00840000         0x00000400         rw !x
user_signatures  0x00850000         0x00000400         rw !x
*default*        0x00000000         0xffffffff

Linker script and memory map

LOAD C:/Program Files (x86)/Atmel/Studio/7.0/Packs/atmel/ATmega_DFP/1.7.374/gcc/dev/atmega32/avr5/crtatmega32.o
LOAD DIO_Program.o
LOAD KeyPad_Program.o
LOAD LCD_Program.o
LOAD main.o
LOAD SevenSegment_Program.o
LOAD Timer2_Program.o
START GROUP
LOAD c:/program files (x86)/atmel/studio/7.0/toolchain/avr8/avr8-gnu-toolchain/bin/../lib/gcc/avr/5.4.0/../../../../avr/lib/avr5\libm.a
END GROUP
START GROUP
LOAD c:/program files (x86)/atmel/studio/7.0/toolchain/avr8/avr8-gnu-toolchain/bin/../lib/gcc/avr/5.4.0/avr5\libgcc.a
LOAD c:/program files (x86)/atmel/studio/7.0/toolchain/avr8/avr8-gnu-toolchain/bin/../lib/gcc/avr/5.4.0/../../../../avr/lib/avr5\libm.a
LOAD c:/program files (x86)/atmel/studio/7.0/toolchain/avr8/avr8-gnu-toolchain/bin/../lib/gcc/avr/5.4.0/../../../../avr/lib/avr5\libc.a
LOAD C:/Program Files (x86)/Atmel/Studio/7.0/Packs/atmel/ATmega_DFP/1.7.374/gcc/dev/atmega32/avr5\libatmega32.a
END GROUP
                0x00000000                __TEXT_REGION_ORIGIN__ = DEFINED (__TEXT_REGION_ORIGIN__)?__TEXT_REGION_ORIGIN__:0x0
                [0x00800060]                __DATA_REGION_ORIGIN__ = DEFINED (__DATA_REGION_ORIGIN__)?__DATA_REGION_ORIGIN__:0x800060
                [0x00008000]                __TEXT_REGION_LENGTH__ = DEFINED (__TEXT_REGION_LENGTH__)?__TEXT_REGION_LENGTH__:0x20000
                [0x00000800]                __DATA_REGION_LENGTH__ = DEFINED (__DATA_REGION_LENGTH__)?__DATA_REGION_LENGTH__:0xffa0
                [0x00000400]                __EEPROM_REGION_LENGTH__ = DEFINED (__EEPROM_REGION_LENGTH__)?__EEPROM_REGION_LENGTH__:0x10000
                [0x00000002]                __FUSE_REGION_LENGTH__ = DEFINED (__FUSE_REGION_LENGTH__)?__FUSE_REGION_LENGTH__:0x400
                0x00000400                __LOCK_REGION_LENGTH__ = DEFINED (__LOCK_REGION_LENGTH__)?__LOCK_REGION_LENGTH__:0x400
                0x00000400                __SIGNATURE_REGION_LENGTH__ = DEFINED (__SIGNATURE_REGION_LENGTH__)?__SIGNATURE_REGION_LENGTH__:0x400
                0x00000400                __USER_SIGNATURE_REGION_LENGTH__ = DEFINED (__USER_SIGNATURE_REGION_LENGTH__)?__USER_SIGNATURE_REGION_LENGTH__:0x400

.hash
 *(.hash)

.dynsym
 *(.dynsym)

.dynstr
 *(.dynstr)

.gnu.version
 *(.gnu.version)

.gnu.version_d
 *(.gnu.version_d)

.gnu.version_r
 *(.gnu.version_r)

.rel.init
 *(.rel.init)

.rela.init
 *(.rela.init)

.rel.text
 *(.rel.text)
 *(.rel.text.*)
 *(.rel.gnu.linkonce.t*)

.rela.text
 *(.rela.text)
 *(.rela.text.*)
 *(.rela.gnu.linkonce.t*)

.rel.fini
 *(.rel.fini)

.rela.fini
 *(.rela.fini)

.rel.rodata
 *(.rel.rodata)
 *(.rel.rodata.*)
 *(.rel.gnu.linkonce.r*)

.rela.rodata
 *(.rela.rodata)
 *(.rela.rodata.*)
 *(.rela.gnu.linkonce.r*)

.rel.data
 *(.rel.data)
 *(.rel.data.*)
 *(.rel.gnu.linkonce.d*)

.rela.data
 *(.rela.data)
 *(.rela.data.*)
 *(.rela.gnu.linkonce.d*)

.rel.ctors
 *(.rel.ctors)

.rela.ctors
 *(.rela.ctors)

.rel.dtors
 *(.rel.dtors)

.rela.dtors
 *(.rela.dtors)

.rel.got
 *(.rel.got)

.rela.got
 *(.rela.got)

.rel.bss
 *(.rel.bss)

.rela.bss
 *(.rela.bss)

.rel.plt
 *(.rel.plt)

.rela.plt
 *(.rela.plt)

.text           0x00000000      0xd2e
 *(.vectors)
 .vectors       0x00000000       0x54 C:/Program Files (x86)/Atmel/Studio/7.0/Packs/atmel/ATmega_DFP/1.7.374/gcc/dev/atmega32/avr5/crtatmega32.o
                0x00000000                __vector_default
                0x00000000                __vectors
 *(.vectors)
 *(.progmem.gcc*)
                0x00000054                . = ALIGN (0x2)
                0x00000054                __trampolines_start = .
 *(.trampolines)
 .trampolines   0x00000054        0x0 linker stubs
 *(.trampolines*)
                0x00000054                __trampolines_end = .
 *libprintf_flt.a:*(.progmem.data)
 *libc.a:*(.progmem.data)
 *(.progmem*)
                0x00000054                . = ALIGN (0x2)
 *(.jumptables)
 *(.jumptables*)
 *(.lowtext)
 *(.lowtext*)
                0x00000054                __ctors_start = .
 *(.ctors)
                0x00000054                __ctors_end = .
                0x00000054                __dtors_start = .
 *(.dtors)
                0x00000054                __dtors_end = .
 SORT(*)(.ctors)
 SORT(*)(.dtors)
 *(.init0)
 .init0         0x00000054        0x0 C:/Program Files (x86)/Atmel/Studio/7.0/Packs/atmel/ATmega_DFP/1.7.374/gcc/dev/atmega32/avr5/crtatmega32.o
                0x00000054                __init
 *(.init0)
 *(.init1)
 *(.init1)
 *(.init2)
 .init2         0x00000054        0xc C:/Program Files (x86)/Atmel/Studio/7.0/Packs/atmel/ATmega_DFP/1.7.374/gcc/dev/atmega32/avr5/crtatmega32.o
 *(.init2)
 *(.init3)
 *(.init3)
 *(.init4)
 .init4         0x00000060       0x16 c:/program files (x86)/atmel/studio/7.0/toolchain/avr8/avr8-gnu-toolchain/bin/../lib/gcc/avr/5.4.0/avr5\libgcc.a(_copy_data.o)
                0x00000060                __do_copy_data
 .init4         0x00000076       0x10 c:/program files (x86)/atmel/studio/7.0/toolchain/avr8/avr8-gnu-toolchain/bin/../lib/gcc/avr/5.4.0/avr5\libgcc.a(_clear_bss.o)
                0x00000076                __do_clear_bss
 *(.init4)
 *(.init5)
 *(.init5)
 *(.init6)
 *(.init6)
 *(.init7)
 *(.init7)
 *(.init8)
 *(.init8)
 *(.init9)
 .init9         0x00000086        0x8 C:/Program Files (x86)/Atmel/Studio/7.0/Packs/atmel/ATmega_DFP/1.7.374/gcc/dev/atmega32/avr5/crtatmega32.o
 *(.init9)
 *(.text)
 .text          0x0000008e        0x4 C:/Program Files (x86)/Atmel/Studio/7.0/Packs/atmel/ATmega_DFP/1.7.374/gcc/dev/atmega32/avr5/crtatmega32.o
                0x0000008e                __vector_1
                0x0000008e                __vector_12
                0x0000008e                __bad_interrupt
                0x0000008e                __vector_6
                0x0000008e                __vector_3
                0x0000008e                __vector_11
                0x0000008e                __vector_13
                0x0000008e                __vector_17
                0x0000008e                __vector_19
                0x0000008e                __vector_7
                0x0000008e                __vector_4
                0x0000008e                __vector_9
                0x0000008e                __vector_2
                0x0000008e                __vector_15
                0x0000008e                __vector_8
                0x0000008e                __vector_14
                0x0000008e                __vector_10
                0x0000008e                __vector_16
                0x0000008e                __vector_18
                0x0000008e                __vector_20
                0x00000092                . = ALIGN (0x2)
 *(.text.*)
 .text.DIO_voidSetPinDirection
                0x00000092       0xee DIO_Program.o
                0x00000092                DIO_voidSetPinDirection
 .text.DIO_voidSetPinValue
                0x00000180       0xee DIO_Program.o
                0x00000180                DIO_voidSetPinValue
 .text.DIO_voidSetPortValue
                0x0000026e       0x24 DIO_Program.o
                0x0000026e                DIO_voidSetPortValue
 .text.DIO_u8GetPinValue
                0x00000292       0xc8 DIO_Program.o
                0x00000292                DIO_u8GetPinValue
 .text.DIO_voidConfig_Pull_Up_Pin
                0x0000035a       0x1e DIO_Program.o
                0x0000035a                DIO_voidConfig_Pull_Up_Pin
 .text.DIO_voidSetNibbleDirection
                0x00000378       0x64 DIO_Program.o
                0x00000378                DIO_voidSetNibbleDirection
 .text.DIO_voidSetNibbleValue
                0x000003dc       0xa6 DIO_Program.o
                0x000003dc                DIO_voidSetNibbleValue
 .text.KPAD_voidInit
                0x00000482       0x66 KeyPad_Program.o
                0x00000482                KPAD_voidInit
 .text.KPAD_u8GetPressedKey
                0x000004e8       0xcc KeyPad_Program.o
                0x000004e8                KPAD_u8GetPressedKey
 .text.LCD_voidSendCommand
                0x000005b4       0xa0 LCD_Program.o
                0x000005b4                LCD_voidSendCommand
 .text.LCD_voidWriteChar
                0x00000654       0xa0 LCD_Program.o
                0x00000654                LCD_voidWriteChar
 .text.LCD_voidWriteString
                0x000006f4       0x26 LCD_Program.o
                0x000006f4                LCD_voidWriteString
 .text.LCD_voidGoTo_XY
                0x0000071a       0x3e LCD_Program.o
                0x0000071a                LCD_voidGoTo_XY
 .text.LCD_voidClearDisplay
                0x00000758       0x26 LCD_Program.o
                0x00000758                LCD_voidClearDisplay
 .text.LCD_voidInit
                0x0000077e       0x8e LCD_Program.o
                0x0000077e                LCD_voidInit
 .text.initHardware
                0x0000080c       0x2c main.o
                0x0000080c                initHardware
 .text.getTimeInput
                0x00000838       0x62 main.o
                0x00000838                getTimeInput
 .text.setTime  0x0000089a       0xa8 main.o
                0x0000089a                setTime
 .text.displayTime
                0x00000942      0x260 main.o
                0x00000942                displayTime
 .text.updateTime
                0x00000ba2       0x3a main.o
                0x00000ba2                updateTime
 .text.main     0x00000bdc       0x76 main.o
                0x00000bdc                main
 .text.__vector_5
                0x00000c52       0x22 main.o
                0x00000c52                __vector_5
 .text.SEGMENT_voidInitSegmentPort
                0x00000c74       0x28 SevenSegment_Program.o
                0x00000c74                SEGMENT_voidInitSegmentPort
 .text.SEGMENT_COMCATH_voidPrintNumber
                0x00000c9c       0x56 SevenSegment_Program.o
                0x00000c9c                SEGMENT_COMCATH_voidPrintNumber
 .text.Enterrupt_GlobalEnable
                0x00000cf2        0x8 Timer2_Program.o
                0x00000cf2                Enterrupt_GlobalEnable
 .text.TIMER2_voidInit
                0x00000cfa       0x30 Timer2_Program.o
                0x00000cfa                TIMER2_voidInit
                0x00000d2a                . = ALIGN (0x2)
 *(.fini9)
 .fini9         0x00000d2a        0x0 c:/program files (x86)/atmel/studio/7.0/toolchain/avr8/avr8-gnu-toolchain/bin/../lib/gcc/avr/5.4.0/avr5\libgcc.a(_exit.o)
                0x00000d2a                _exit
                0x00000d2a                exit
 *(.fini9)
 *(.fini8)
 *(.fini8)
 *(.fini7)
 *(.fini7)
 *(.fini6)
 *(.fini6)
 *(.fini5)
 *(.fini5)
 *(.fini4)
 *(.fini4)
 *(.fini3)
 *(.fini3)
 *(.fini2)
 *(.fini2)
 *(.fini1)
 *(.fini1)
 *(.fini0)
 .fini0         0x00000d2a        0x4 c:/program files (x86)/atmel/studio/7.0/toolchain/avr8/avr8-gnu-toolchain/bin/../lib/gcc/avr/5.4.0/avr5\libgcc.a(_exit.o)
 *(.fini0)
                0x00000d2e                _etext = .

.data           0x00800060       0x74 load address 0x00000d2e
                0x00800060                PROVIDE (__data_start, .)
 *(.data)
 *(.data*)
 *(.gnu.linkonce.d*)
 *(.rodata)
 .rodata        0x00800060        0xc KeyPad_Program.o
 .rodata        0x0080006c       0x20 SevenSegment_Program.o
 *(.rodata*)
 .rodata.str1.1
                0x0080008c       0x47 main.o
 *(.gnu.linkonce.r*)
                0x008000d4                . = ALIGN (0x2)
 *fill*         0x008000d3        0x1 
                0x008000d4                _edata = .
                0x008000d4                PROVIDE (__data_end, .)

.bss            0x008000d4        0x6
                0x008000d4                PROVIDE (__bss_start, .)
 *(.bss)
 *(.bss*)
 .bss.hours_counter
                0x008000d4        0x1 main.o
                0x008000d4                hours_counter
 .bss.minutes_counter
                0x008000d5        0x1 main.o
                0x008000d5                minutes_counter
 .bss.seconds_counter
                0x008000d6        0x1 main.o
                0x008000d6                seconds_counter
 *(COMMON)
 COMMON         0x008000d7        0x3 main.o
                0x008000d7                first_digit
                0x008000d8                second_digit
                0x008000d9                value
                0x008000da                PROVIDE (__bss_end, .)
                0x00000d2e                __data_load_start = LOADADDR (.data)
                0x00000da2                __data_load_end = (__data_load_start + SIZEOF (.data))

.noinit         0x008000da        0x0
                [!provide]                PROVIDE (__noinit_start, .)
 *(.noinit*)
                [!provide]                PROVIDE (__noinit_end, .)
                0x008000da                _end = .
                [!provide]                PROVIDE (__heap_start, .)

.eeprom         0x00810000        0x0
 *(.eeprom*)
                0x00810000                __eeprom_end = .

.fuse
 *(.fuse)
 *(.lfuse)
 *(.hfuse)
 *(.efuse)

.lock
 *(.lock*)

.signature
 *(.signature*)

.user_signatures
 *(.user_signatures*)

.stab
 *(.stab)

.stabstr
 *(.stabstr)

.stab.excl
 *(.stab.excl)

.stab.exclstr
 *(.stab.exclstr)

.stab.index
 *(.stab.index)

.stab.indexstr
 *(.stab.indexstr)

.comment        0x00000000       0x30
 *(.comment)
 .comment       0x00000000       0x30 DIO_Program.o
                                 0x31 (size before relaxing)
 .comment       0x00000030       0x31 KeyPad_Program.o
 .comment       0x00000030       0x31 LCD_Program.o
 .comment       0x00000030       0x31 main.o
 .comment       0x00000030       0x31 SevenSegment_Program.o
 .comment       0x00000030       0x31 Timer2_Program.o

.note.gnu.avr.deviceinfo
                0x00000000       0x3c
 .note.gnu.avr.deviceinfo
                0x00000000       0x3c C:/Program Files (x86)/Atmel/Studio/7.0/Packs/atmel/ATmega_DFP/1.7.374/gcc/dev/atmega32/avr5/crtatmega32.o

.note.gnu.build-id
 *(.note.gnu.build-id)

.debug
 *(.debug)

.line
 *(.line)

.debug_srcinfo
 *(.debug_srcinfo)

.debug_sfnames
 *(.debug_sfnames)

.debug_aranges  0x00000000      0x1e8
 *(.debug_aranges)
 .debug_aranges
                0x00000000       0x80 DIO_Program.o
 .debug_aranges
                0x00000080       0x28 KeyPad_Program.o
 .debug_aranges
                0x000000a8       0x88 LCD_Program.o
 .debug_aranges
                0x00000130       0x50 main.o
 .debug_aranges
                0x00000180       0x40 SevenSegment_Program.o
 .debug_aranges
                0x000001c0       0x28 Timer2_Program.o

.debug_pubnames
 *(.debug_pubnames)

.debug_info     0x00000000     0x29f4
 *(.debug_info .gnu.linkonce.wi.*)
 .debug_info    0x00000000      0x4e6 C:/Program Files (x86)/Atmel/Studio/7.0/Packs/atmel/ATmega_DFP/1.7.374/gcc/dev/atmega32/avr5/crtatmega32.o
 .debug_info    0x000004e6      0x52b DIO_Program.o
 .debug_info    0x00000a11      0x304 KeyPad_Program.o
 .debug_info    0x00000d15      0xcfe LCD_Program.o
 .debug_info    0x00001a13      0xca5 main.o
 .debug_info    0x000026b8      0x29c SevenSegment_Program.o
 .debug_info    0x00002954       0xa0 Timer2_Program.o

.debug_abbrev   0x00000000      0xb90
 *(.debug_abbrev)
 .debug_abbrev  0x00000000      0x4a3 C:/Program Files (x86)/Atmel/Studio/7.0/Packs/atmel/ATmega_DFP/1.7.374/gcc/dev/atmega32/avr5/crtatmega32.o
 .debug_abbrev  0x000004a3      0x12e DIO_Program.o
 .debug_abbrev  0x000005d1       0xc6 KeyPad_Program.o
 .debug_abbrev  0x00000697      0x1e2 LCD_Program.o
 .debug_abbrev  0x00000879      0x1ea main.o
 .debug_abbrev  0x00000a63       0xc8 SevenSegment_Program.o
 .debug_abbrev  0x00000b2b       0x65 Timer2_Program.o

.debug_line     0x00000000     0x1209
 *(.debug_line .debug_line.* .debug_line_end)
 .debug_line    0x00000000      0x116 C:/Program Files (x86)/Atmel/Studio/7.0/Packs/atmel/ATmega_DFP/1.7.374/gcc/dev/atmega32/avr5/crtatmega32.o
 .debug_line    0x00000116      0x43f DIO_Program.o
 .debug_line    0x00000555      0x137 KeyPad_Program.o
 .debug_line    0x0000068c      0x4d9 LCD_Program.o
 .debug_line    0x00000b65      0x4ec main.o
 .debug_line    0x00001051      0x120 SevenSegment_Program.o
 .debug_line    0x00001171       0x98 Timer2_Program.o

.debug_frame    0x00000000      0x400
 *(.debug_frame)
 .debug_frame   0x00000000       0xf0 DIO_Program.o
 .debug_frame   0x000000f0       0x58 KeyPad_Program.o
 .debug_frame   0x00000148      0x150 LCD_Program.o
 .debug_frame   0x00000298       0xb0 main.o
 .debug_frame   0x00000348       0x84 SevenSegment_Program.o
 .debug_frame   0x000003cc       0x34 Timer2_Program.o

.debug_str      0x00000000      0x8b0
 *(.debug_str)
 .debug_str     0x00000000      0x196 C:/Program Files (x86)/Atmel/Studio/7.0/Packs/atmel/ATmega_DFP/1.7.374/gcc/dev/atmega32/avr5/crtatmega32.o
 .debug_str     0x00000196      0x2f0 DIO_Program.o
                                0x317 (size before relaxing)
 .debug_str     0x00000486       0x84 KeyPad_Program.o
                                0x238 (size before relaxing)
 .debug_str     0x0000050a      0x20b LCD_Program.o
                                0x3da (size before relaxing)
 .debug_str     0x00000715       0xee main.o
                                0x366 (size before relaxing)
 .debug_str     0x00000803       0x80 SevenSegment_Program.o
                                0x287 (size before relaxing)
 .debug_str     0x00000883       0x2d Timer2_Program.o
                                0x198 (size before relaxing)

.debug_loc      0x00000000     0x1ac3
 *(.debug_loc)
 .debug_loc     0x00000000      0x895 DIO_Program.o
 .debug_loc     0x00000895       0xf7 KeyPad_Program.o
 .debug_loc     0x0000098c      0xa4f LCD_Program.o
 .debug_loc     0x000013db      0x416 main.o
 .debug_loc     0x000017f1      0x2d2 SevenSegment_Program.o

.debug_macinfo
 *(.debug_macinfo)

.debug_weaknames
 *(.debug_weaknames)

.debug_funcnames
 *(.debug_funcnames)

.debug_typenames
 *(.debug_typenames)

.debug_varnames
 *(.debug_varnames)

.debug_pubtypes
 *(.debug_pubtypes)

.debug_ranges   0x00000000      0x188
 *(.debug_ranges)
 .debug_ranges  0x00000000       0x70 DIO_Program.o
 .debug_ranges  0x00000070       0x18 KeyPad_Program.o
 .debug_ranges  0x00000088       0x78 LCD_Program.o
 .debug_ranges  0x00000100       0x40 main.o
 .debug_ranges  0x00000140       0x30 SevenSegment_Program.o
 .debug_ranges  0x00000170       0x18 Timer2_Program.o

.debug_macro
 *(.debug_macro)
OUTPUT(RealTimeClock_with_Timer2.elf elf32-avr)
LOAD linker stubs
